// Jest Snapshot v1, https://goo.gl/fbAQLP

exports[`Header Component should match snapshot 1`] = `
<div>
  <h1
    className="header-title"
  >
    SWAPI-Box
  </h1>
  <div
    onClick={[Function]}
  >
    <p
      className="favorite-text"
    >
      Favorites
    </p>
    <div>
      <p
        className="favorite-count"
      />
    </div>
  </div>
  <button
    onClick={undefined}
  >
    People
  </button>
  <button
    onClick={undefined}
  >
    Planets
  </button>
  <button
    onClick={undefined}
  >
    Vehicles
  </button>
</div>
`;
