// Jest Snapshot v1, https://goo.gl/fbAQLP

exports[`Main Component should match snapshot 1`] = `
<div
  className="main"
>
  <div>
    <h1
      className="header-title"
    >
      SWAPI-Box
    </h1>
    <div>
      <p>
        Favorites
      </p>
      <div>
        <p>
          0
        </p>
      </div>
    </div>
    <button
      onClick={[Function]}
    >
      People
    </button>
    <button
      onClick={[Function]}
    >
      Planets
    </button>
    <button
      onClick={[Function]}
    >
      Vehicles
    </button>
  </div>
  <div
    className="card-container"
  />
</div>
`;
